kinow aircrack-ng # make
make -C src all
make[1]: 디렉터리 '/home/kinow/project/aircrack-ng/src' 들어감
sh ../autocfg gcc ..
gcc -g -W -Wall -O3  -mavx2 -DJOHN_AVX2 -pthread -D_FILE_OFFSET_BITS=64 -D_REVISION=0  -DCONFIG_LIBNL30 -DCONFIG_LIBNL -I/usr/include/libnl3 -fstack-protector-strong -Wno-unused-but-set-variable -Wno-array-bounds -Iinclude -DSIMD_CORE   -c -o aircrack-ng.o aircrack-ng.c
gcc -g -W -Wall -O3  -mavx2 -DJOHN_AVX2 -pthread -D_FILE_OFFSET_BITS=64 -D_REVISION=0  -DCONFIG_LIBNL30 -DCONFIG_LIBNL -I/usr/include/libnl3 -fstack-protector-strong -Wno-unused-but-set-variable -Wno-array-bounds -Iinclude -DSIMD_CORE   -c -o cpuid.o cpuid.c
gcc -g -W -Wall -O3  -mavx2 -DJOHN_AVX2 -pthread -D_FILE_OFFSET_BITS=64 -D_REVISION=0  -DCONFIG_LIBNL30 -DCONFIG_LIBNL -I/usr/include/libnl3 -fstack-protector-strong -Wno-unused-but-set-variable -Wno-array-bounds -Iinclude -DSIMD_CORE   -c -o crypto.o crypto.c
gcc -g -W -Wall -O3  -mavx2 -DJOHN_AVX2 -pthread -D_FILE_OFFSET_BITS=64 -D_REVISION=0  -DCONFIG_LIBNL30 -DCONFIG_LIBNL -I/usr/include/libnl3 -fstack-protector-strong -Wno-unused-but-set-variable -Wno-array-bounds -Iinclude -DSIMD_CORE   -c -o common.o common.c
gcc -g -W -Wall -O3  -mavx2 -DJOHN_AVX2 -pthread -D_FILE_OFFSET_BITS=64 -D_REVISION=0  -DCONFIG_LIBNL30 -DCONFIG_LIBNL -I/usr/include/libnl3 -fstack-protector-strong -Wno-unused-but-set-variable -Wno-array-bounds -Iinclude -DSIMD_CORE   -c -o simd-intrinsics.o simd-intrinsics.c
gcc -g -W -Wall -O3  -mavx2 -DJOHN_AVX2 -pthread -D_FILE_OFFSET_BITS=64 -D_REVISION=0  -DCONFIG_LIBNL30 -DCONFIG_LIBNL -I/usr/include/libnl3 -fstack-protector-strong -Wno-unused-but-set-variable -Wno-array-bounds -Iinclude -DSIMD_CORE   -c -o memory.o memory.c
gcc -g -W -Wall -O3  -mavx2 -DJOHN_AVX2 -pthread -D_FILE_OFFSET_BITS=64 -D_REVISION=0  -DCONFIG_LIBNL30 -DCONFIG_LIBNL -I/usr/include/libnl3 -fstack-protector-strong -Wno-unused-but-set-variable -Wno-array-bounds -Iinclude -DSIMD_CORE   -c -o wpapsk.o wpapsk.c
gcc -g -W -Wall -O3  -mavx2 -DJOHN_AVX2 -pthread -D_FILE_OFFSET_BITS=64 -D_REVISION=0  -DCONFIG_LIBNL30 -DCONFIG_LIBNL -I/usr/include/libnl3 -fstack-protector-strong -Wno-unused-but-set-variable -Wno-array-bounds -Iinclude -DSIMD_CORE   -c -o uniqueiv.o uniqueiv.c
gcc -g -W -Wall -O3  -mavx2 -DJOHN_AVX2 -pthread -D_FILE_OFFSET_BITS=64 -D_REVISION=0  -DCONFIG_LIBNL30 -DCONFIG_LIBNL -I/usr/include/libnl3 -fstack-protector-strong -Wno-unused-but-set-variable -Wno-array-bounds -Iinclude -DSIMD_CORE   -c -o aircrack-ptw-lib.o aircrack-ptw-lib.c
g++ -g -W -Wall -O3  -mavx2 -DJOHN_AVX2 -pthread -D_FILE_OFFSET_BITS=64 -D_REVISION=0  -DCONFIG_LIBNL30 -DCONFIG_LIBNL -I/usr/include/libnl3 -fstack-protector-strong -Wno-unused-but-set-variable -Wno-array-bounds -Iinclude -DSIMD_CORE  -fdata-sections -ffunction-sections   -c -o linecount.o linecount.cpp
ar cru liblinecount.a linecount.o
ar: `u' modifier ignored since `D' is the default (see `U')
ranlib liblinecount.a
touch liblinecount.a
gcc -g -W -Wall -O3  -mavx2 -DJOHN_AVX2 -pthread -D_FILE_OFFSET_BITS=64 -D_REVISION=0  -DCONFIG_LIBNL30 -DCONFIG_LIBNL -I/usr/include/libnl3 -fstack-protector-strong -Wno-unused-but-set-variable -Wno-array-bounds -Iinclude -DSIMD_CORE  aircrack-ng.o cpuid.o crypto.o common.o simd-intrinsics.o memory.o wpapsk.o uniqueiv.o aircrack-ptw-lib.o liblinecount.a sha1-sse2.S -o aircrack-ng -lpthread -lssl -lcrypto   -lstdc++
gcc -g -W -Wall -O3  -mavx2 -DJOHN_AVX2 -pthread -D_FILE_OFFSET_BITS=64 -D_REVISION=0  -DCONFIG_LIBNL30 -DCONFIG_LIBNL -I/usr/include/libnl3 -fstack-protector-strong -Wno-unused-but-set-variable -Wno-array-bounds -Iinclude -DSIMD_CORE   -c -o airdecap-ng.o airdecap-ng.c
gcc -g -W -Wall -O3  -mavx2 -DJOHN_AVX2 -pthread -D_FILE_OFFSET_BITS=64 -D_REVISION=0  -DCONFIG_LIBNL30 -DCONFIG_LIBNL -I/usr/include/libnl3 -fstack-protector-strong -Wno-unused-but-set-variable -Wno-array-bounds -Iinclude -DSIMD_CORE  airdecap-ng.o crypto.o common.o -o airdecap-ng -lssl -lcrypto 
gcc -g -W -Wall -O3  -mavx2 -DJOHN_AVX2 -pthread -D_FILE_OFFSET_BITS=64 -D_REVISION=0  -DCONFIG_LIBNL30 -DCONFIG_LIBNL -I/usr/include/libnl3 -fstack-protector-strong -Wno-unused-but-set-variable -Wno-array-bounds -Iinclude -DSIMD_CORE   -c -o packetforge-ng.o packetforge-ng.c
gcc -g -W -Wall -O3  -mavx2 -DJOHN_AVX2 -pthread -D_FILE_OFFSET_BITS=64 -D_REVISION=0  -DCONFIG_LIBNL30 -DCONFIG_LIBNL -I/usr/include/libnl3 -fstack-protector-strong -Wno-unused-but-set-variable -Wno-array-bounds -Iinclude -DSIMD_CORE  packetforge-ng.o common.o crypto.o -o packetforge-ng -lssl -lcrypto 
gcc -g -W -Wall -O3  -mavx2 -DJOHN_AVX2 -pthread -D_FILE_OFFSET_BITS=64 -D_REVISION=0  -DCONFIG_LIBNL30 -DCONFIG_LIBNL -I/usr/include/libnl3 -fstack-protector-strong -Wno-unused-but-set-variable -Wno-array-bounds -Iinclude -DSIMD_CORE   -c -o ivstools.o ivstools.c
gcc -g -W -Wall -O3  -mavx2 -DJOHN_AVX2 -pthread -D_FILE_OFFSET_BITS=64 -D_REVISION=0  -DCONFIG_LIBNL30 -DCONFIG_LIBNL -I/usr/include/libnl3 -fstack-protector-strong -Wno-unused-but-set-variable -Wno-array-bounds -Iinclude -DSIMD_CORE  ivstools.o common.o crypto.o uniqueiv.o -o ivstools -lssl -lcrypto 
gcc -g -W -Wall -O3  -mavx2 -DJOHN_AVX2 -pthread -D_FILE_OFFSET_BITS=64 -D_REVISION=0  -DCONFIG_LIBNL30 -DCONFIG_LIBNL -I/usr/include/libnl3 -fstack-protector-strong -Wno-unused-but-set-variable -Wno-array-bounds -Iinclude -DSIMD_CORE   -c -o kstats.o kstats.c
gcc -g -W -Wall -O3  -mavx2 -DJOHN_AVX2 -pthread -D_FILE_OFFSET_BITS=64 -D_REVISION=0  -DCONFIG_LIBNL30 -DCONFIG_LIBNL -I/usr/include/libnl3 -fstack-protector-strong -Wno-unused-but-set-variable -Wno-array-bounds -Iinclude -DSIMD_CORE  kstats.o -o kstats 
gcc -g -W -Wall -O3  -mavx2 -DJOHN_AVX2 -pthread -D_FILE_OFFSET_BITS=64 -D_REVISION=0  -DCONFIG_LIBNL30 -DCONFIG_LIBNL -I/usr/include/libnl3 -fstack-protector-strong -Wno-unused-but-set-variable -Wno-array-bounds -Iinclude -DSIMD_CORE   -c -o makeivs-ng.o makeivs-ng.c
gcc -g -W -Wall -O3  -mavx2 -DJOHN_AVX2 -pthread -D_FILE_OFFSET_BITS=64 -D_REVISION=0  -DCONFIG_LIBNL30 -DCONFIG_LIBNL -I/usr/include/libnl3 -fstack-protector-strong -Wno-unused-but-set-variable -Wno-array-bounds -Iinclude -DSIMD_CORE  makeivs-ng.o common.o uniqueiv.o -o makeivs-ng 
gcc -g -W -Wall -O3  -mavx2 -DJOHN_AVX2 -pthread -D_FILE_OFFSET_BITS=64 -D_REVISION=0  -DCONFIG_LIBNL30 -DCONFIG_LIBNL -I/usr/include/libnl3 -fstack-protector-strong -Wno-unused-but-set-variable -Wno-array-bounds -Iinclude -DSIMD_CORE   -c -o airdecloak-ng.o airdecloak-ng.c
gcc -g -W -Wall -O3  -mavx2 -DJOHN_AVX2 -pthread -D_FILE_OFFSET_BITS=64 -D_REVISION=0  -DCONFIG_LIBNL30 -DCONFIG_LIBNL -I/usr/include/libnl3 -fstack-protector-strong -Wno-unused-but-set-variable -Wno-array-bounds -Iinclude -DSIMD_CORE   -c -o osdep/radiotap/radiotap.o osdep/radiotap/radiotap.c
gcc -g -W -Wall -O3  -mavx2 -DJOHN_AVX2 -pthread -D_FILE_OFFSET_BITS=64 -D_REVISION=0  -DCONFIG_LIBNL30 -DCONFIG_LIBNL -I/usr/include/libnl3 -fstack-protector-strong -Wno-unused-but-set-variable -Wno-array-bounds -Iinclude -DSIMD_CORE  airdecloak-ng.o common.o osdep/radiotap/radiotap.o -o airdecloak-ng 
gcc -g -W -Wall -O3  -mavx2 -DJOHN_AVX2 -pthread -D_FILE_OFFSET_BITS=64 -D_REVISION=0  -DCONFIG_LIBNL30 -DCONFIG_LIBNL -I/usr/include/libnl3 -fstack-protector-strong -Wno-unused-but-set-variable -Wno-array-bounds -Iinclude -DSIMD_CORE   -c -o wpaclean.o wpaclean.c
make -C osdep
make[2]: 디렉터리 '/home/kinow/project/aircrack-ng/src/osdep' 들어감
Building for Linux
make[3]: 디렉터리 '/home/kinow/project/aircrack-ng/src/osdep' 들어감
gcc -g -W -Wall -O3  -mavx2 -DJOHN_AVX2 -pthread -D_FILE_OFFSET_BITS=64 -D_REVISION=0  -DCONFIG_LIBNL30 -DCONFIG_LIBNL -I/usr/include/libnl3 -fstack-protector-strong -Wno-unused-but-set-variable -Wno-array-bounds -fPIC -I..    -c -o osdep.o osdep.c
gcc -g -W -Wall -O3  -mavx2 -DJOHN_AVX2 -pthread -D_FILE_OFFSET_BITS=64 -D_REVISION=0  -DCONFIG_LIBNL30 -DCONFIG_LIBNL -I/usr/include/libnl3 -fstack-protector-strong -Wno-unused-but-set-variable -Wno-array-bounds -fPIC -I..    -c -o network.o network.c
gcc -g -W -Wall -O3  -mavx2 -DJOHN_AVX2 -pthread -D_FILE_OFFSET_BITS=64 -D_REVISION=0  -DCONFIG_LIBNL30 -DCONFIG_LIBNL -I/usr/include/libnl3 -fstack-protector-strong -Wno-unused-but-set-variable -Wno-array-bounds -fPIC -I..    -c -o file.o file.c
gcc -g -W -Wall -O3  -mavx2 -DJOHN_AVX2 -pthread -D_FILE_OFFSET_BITS=64 -D_REVISION=0  -DCONFIG_LIBNL30 -DCONFIG_LIBNL -I/usr/include/libnl3 -fstack-protector-strong -Wno-unused-but-set-variable -Wno-array-bounds -fPIC -I..    -c -o linux.o linux.c
gcc -g -W -Wall -O3  -mavx2 -DJOHN_AVX2 -pthread -D_FILE_OFFSET_BITS=64 -D_REVISION=0  -DCONFIG_LIBNL30 -DCONFIG_LIBNL -I/usr/include/libnl3 -fstack-protector-strong -Wno-unused-but-set-variable -Wno-array-bounds -fPIC -I..    -c -o linux_tap.o linux_tap.c
gcc -g -W -Wall -O3  -mavx2 -DJOHN_AVX2 -pthread -D_FILE_OFFSET_BITS=64 -D_REVISION=0  -DCONFIG_LIBNL30 -DCONFIG_LIBNL -I/usr/include/libnl3 -fstack-protector-strong -Wno-unused-but-set-variable -Wno-array-bounds -fPIC -I..    -c -o common.o common.c
ar cru libosdep.a  osdep.o network.o file.o linux.o linux_tap.o radiotap/radiotap.o common.o
ar: `u' modifier ignored since `D' is the default (see `U')
ranlib libosdep.a 
touch .os.Linux
make[3]: 디렉터리 '/home/kinow/project/aircrack-ng/src/osdep' 나감
make[2]: 디렉터리 '/home/kinow/project/aircrack-ng/src/osdep' 나감
gcc -g -W -Wall -O3  -mavx2 -DJOHN_AVX2 -pthread -D_FILE_OFFSET_BITS=64 -D_REVISION=0  -DCONFIG_LIBNL30 -DCONFIG_LIBNL -I/usr/include/libnl3 -fstack-protector-strong -Wno-unused-but-set-variable -Wno-array-bounds -Iinclude -DSIMD_CORE  wpaclean.o osdep/radiotap/radiotap.o -o wpaclean -Losdep -losdep -lnl-genl-3 -lnl-3
gcc -g -W -Wall -O3  -mavx2 -DJOHN_AVX2 -pthread -D_FILE_OFFSET_BITS=64 -D_REVISION=0  -DCONFIG_LIBNL30 -DCONFIG_LIBNL -I/usr/include/libnl3 -fstack-protector-strong -Wno-unused-but-set-variable -Wno-array-bounds -Iinclude -DSIMD_CORE   -c -o besside-ng-crawler.o besside-ng-crawler.c
gcc -g -W -Wall -O3  -mavx2 -DJOHN_AVX2 -pthread -D_FILE_OFFSET_BITS=64 -D_REVISION=0  -DCONFIG_LIBNL30 -DCONFIG_LIBNL -I/usr/include/libnl3 -fstack-protector-strong -Wno-unused-but-set-variable -Wno-array-bounds -Iinclude -DSIMD_CORE  besside-ng-crawler.o -o besside-ng-crawler -lpcap
gcc -g -W -Wall -O3  -mavx2 -DJOHN_AVX2 -pthread -D_FILE_OFFSET_BITS=64 -D_REVISION=0  -DCONFIG_LIBNL30 -DCONFIG_LIBNL -I/usr/include/libnl3 -fstack-protector-strong -Wno-unused-but-set-variable -Wno-array-bounds -Iinclude -DSIMD_CORE   -c -o aireplay-ng.o aireplay-ng.c
gcc -g -W -Wall -O3  -mavx2 -DJOHN_AVX2 -pthread -D_FILE_OFFSET_BITS=64 -D_REVISION=0  -DCONFIG_LIBNL30 -DCONFIG_LIBNL -I/usr/include/libnl3 -fstack-protector-strong -Wno-unused-but-set-variable -Wno-array-bounds -Iinclude -DSIMD_CORE  aireplay-ng.o common.o crypto.o osdep/radiotap/radiotap.o -o aireplay-ng -Losdep -losdep -lnl-genl-3 -lnl-3 -lssl -lcrypto 
gcc -g -W -Wall -O3  -mavx2 -DJOHN_AVX2 -pthread -D_FILE_OFFSET_BITS=64 -D_REVISION=0  -DCONFIG_LIBNL30 -DCONFIG_LIBNL -I/usr/include/libnl3 -fstack-protector-strong -Wno-unused-but-set-variable -Wno-array-bounds -Iinclude -DSIMD_CORE   -c -o airodump-ng.o airodump-ng.c
gcc -g -W -Wall -O3  -mavx2 -DJOHN_AVX2 -pthread -D_FILE_OFFSET_BITS=64 -D_REVISION=0  -DCONFIG_LIBNL30 -DCONFIG_LIBNL -I/usr/include/libnl3 -fstack-protector-strong -Wno-unused-but-set-variable -Wno-array-bounds -Iinclude -DSIMD_CORE  airodump-ng.o common.o crypto.o uniqueiv.o osdep/radiotap/radiotap.o -o airodump-ng -Losdep -losdep -lnl-genl-3 -lnl-3 -lssl -lcrypto  -lpthread 
gcc -g -W -Wall -O3  -mavx2 -DJOHN_AVX2 -pthread -D_FILE_OFFSET_BITS=64 -D_REVISION=0  -DCONFIG_LIBNL30 -DCONFIG_LIBNL -I/usr/include/libnl3 -fstack-protector-strong -Wno-unused-but-set-variable -Wno-array-bounds -Iinclude -DSIMD_CORE   -c -o airserv-ng.o airserv-ng.c
gcc -g -W -Wall -O3  -mavx2 -DJOHN_AVX2 -pthread -D_FILE_OFFSET_BITS=64 -D_REVISION=0  -DCONFIG_LIBNL30 -DCONFIG_LIBNL -I/usr/include/libnl3 -fstack-protector-strong -Wno-unused-but-set-variable -Wno-array-bounds -Iinclude -DSIMD_CORE  airserv-ng.o common.o osdep/radiotap/radiotap.o -o airserv-ng -Losdep -losdep -lnl-genl-3 -lnl-3
gcc -g -W -Wall -O3  -mavx2 -DJOHN_AVX2 -pthread -D_FILE_OFFSET_BITS=64 -D_REVISION=0  -DCONFIG_LIBNL30 -DCONFIG_LIBNL -I/usr/include/libnl3 -fstack-protector-strong -Wno-unused-but-set-variable -Wno-array-bounds -Iinclude -DSIMD_CORE   -c -o airtun-ng.o airtun-ng.c
gcc -g -W -Wall -O3  -mavx2 -DJOHN_AVX2 -pthread -D_FILE_OFFSET_BITS=64 -D_REVISION=0  -DCONFIG_LIBNL30 -DCONFIG_LIBNL -I/usr/include/libnl3 -fstack-protector-strong -Wno-unused-but-set-variable -Wno-array-bounds -Iinclude -DSIMD_CORE  airtun-ng.o common.o crypto.o osdep/radiotap/radiotap.o -o airtun-ng -Losdep -losdep -lnl-genl-3 -lnl-3 -lssl -lcrypto 
gcc -g -W -Wall -O3  -mavx2 -DJOHN_AVX2 -pthread -D_FILE_OFFSET_BITS=64 -D_REVISION=0  -DCONFIG_LIBNL30 -DCONFIG_LIBNL -I/usr/include/libnl3 -fstack-protector-strong -Wno-unused-but-set-variable -Wno-array-bounds -Iinclude -DSIMD_CORE   -c -o airbase-ng.o airbase-ng.c
gcc -g -W -Wall -O3  -mavx2 -DJOHN_AVX2 -pthread -D_FILE_OFFSET_BITS=64 -D_REVISION=0  -DCONFIG_LIBNL30 -DCONFIG_LIBNL -I/usr/include/libnl3 -fstack-protector-strong -Wno-unused-but-set-variable -Wno-array-bounds -Iinclude -DSIMD_CORE  airbase-ng.o common.o crypto.o osdep/radiotap/radiotap.o -o airbase-ng -Losdep -losdep -lnl-genl-3 -lnl-3 -lssl -lcrypto  -lpthread
make[1]: 디렉터리 '/home/kinow/project/aircrack-ng/src' 나감

